2025-04-22 10:54:24-485 [main] INFO  o.s.t.c.s.AnnotationConfigContextLoaderUtils - Could not detect default configuration classes for test class [com.bootcamp.service.transaction.service.TransactionServiceTest]: TransactionServiceTest does not declare any static, non-private, non-final, nested classes annotated with @Configuration. 
2025-04-22 10:54:25-135 [main] INFO  o.s.b.t.c.SpringBootTestContextBootstrapper - Found @SpringBootConfiguration com.bootcamp.service.transaction.ServiceTransactionApplication for test class com.bootcamp.service.transaction.service.TransactionServiceTest 
2025-04-22 10:54:30-680 [background-preinit] INFO  o.h.validator.internal.util.Version - HV000001: Hibernate Validator 8.0.2.Final 
2025-04-22 10:54:30-769 [main] INFO  c.b.s.t.s.TransactionServiceTest - Starting TransactionServiceTest using Java 17.0.12 with PID 4860 (started by mgarcsar in C:\Users\mgarcsar\Documents\Bootcamp\etregables\Bank\service-transaction) 
2025-04-22 10:54:30-771 [main] INFO  c.b.s.t.s.TransactionServiceTest - The following 1 profile is active: "local" 
2025-04-22 10:54:30-861 [main] INFO  o.s.c.c.c.ConfigServerConfigDataLoader - Fetching config from server at : http://config-server-bc:8888 
2025-04-22 10:54:30-862 [main] INFO  o.s.c.c.c.ConfigServerConfigDataLoader - Exception on Url - http://config-server-bc:8888:org.springframework.web.client.ResourceAccessException: I/O error on GET request for "http://config-server-bc:8888/service-transaction/default": config-server-bc. Will be trying the next url if available 
2025-04-22 10:54:30-862 [main] WARN  o.s.c.c.c.ConfigServerConfigDataLoader - Could not locate PropertySource ([ConfigServerConfigDataResource@2e20c20b uris = array<String>['http://config-server-bc:8888'], optional = true, profiles = 'default']): I/O error on GET request for "http://config-server-bc:8888/service-transaction/default": config-server-bc 
2025-04-22 10:54:30-863 [main] INFO  o.s.c.c.c.ConfigServerConfigDataLoader - Fetching config from server at : http://config-server-bc:8888 
2025-04-22 10:54:30-863 [main] INFO  o.s.c.c.c.ConfigServerConfigDataLoader - Exception on Url - http://config-server-bc:8888:org.springframework.web.client.ResourceAccessException: I/O error on GET request for "http://config-server-bc:8888/service-transaction/local": config-server-bc. Will be trying the next url if available 
2025-04-22 10:54:30-863 [main] WARN  o.s.c.c.c.ConfigServerConfigDataLoader - Could not locate PropertySource ([ConfigServerConfigDataResource@75ac326f uris = array<String>['http://config-server-bc:8888'], optional = true, profiles = 'local']): I/O error on GET request for "http://config-server-bc:8888/service-transaction/local": config-server-bc 
2025-04-22 10:54:30-863 [main] INFO  o.s.c.c.c.ConfigServerConfigDataLoader - Fetching config from server at : http://config-server-bc:8888 
2025-04-22 10:54:30-863 [main] INFO  o.s.c.c.c.ConfigServerConfigDataLoader - Exception on Url - http://config-server-bc:8888:org.springframework.web.client.ResourceAccessException: I/O error on GET request for "http://config-server-bc:8888/service-transaction/default": config-server-bc. Will be trying the next url if available 
2025-04-22 10:54:30-863 [main] WARN  o.s.c.c.c.ConfigServerConfigDataLoader - Could not locate PropertySource ([ConfigServerConfigDataResource@736f8837 uris = array<String>['http://config-server-bc:8888'], optional = true, profiles = 'default']): I/O error on GET request for "http://config-server-bc:8888/service-transaction/default": config-server-bc 
2025-04-22 10:54:33-568 [main] INFO  o.s.d.r.c.RepositoryConfigurationDelegate - Bootstrapping Spring Data Reactive MongoDB repositories in DEFAULT mode. 
2025-04-22 10:54:34-006 [main] INFO  o.s.d.r.c.RepositoryConfigurationDelegate - Finished Spring Data repository scanning in 416 ms. Found 1 Reactive MongoDB repository interface. 
2025-04-22 10:54:34-415 [main] INFO  o.s.cloud.context.scope.GenericScope - BeanFactory id=c718ab88-43ce-31e7-98a6-f5b264b7e994 
2025-04-22 10:54:36-326 [main] INFO  org.mongodb.driver.client - MongoClient with metadata {"driver": {"name": "mongo-java-driver|reactive-streams|spring-boot", "version": "5.2.1"}, "os": {"type": "Windows", "name": "Windows 10", "architecture": "amd64", "version": "10.0"}, "platform": "Java/Oracle Corporation/17.0.12+8-LTS-286"} created with settings MongoClientSettings{readPreference=primary, writeConcern=WriteConcern{w=null, wTimeout=null ms, journal=null}, retryWrites=true, retryReads=true, readConcern=ReadConcern{level=null}, credential=null, transportSettings=NettyTransportSettings{eventLoopGroup=io.netty.channel.nio.NioEventLoopGroup@6bac4719, socketChannelClass=null, allocator=null, sslContext=null}, commandListeners=[io.micrometer.core.instrument.binder.mongodb.MongoMetricsCommandListener@2fb800ca], codecRegistry=ProvidersCodecRegistry{codecProviders=[ValueCodecProvider{}, BsonValueCodecProvider{}, DBRefCodecProvider{}, DBObjectCodecProvider{}, DocumentCodecProvider{}, CollectionCodecProvider{}, IterableCodecProvider{}, MapCodecProvider{}, GeoJsonCodecProvider{}, GridFSFileCodecProvider{}, Jsr310CodecProvider{}, JsonObjectCodecProvider{}, BsonCodecProvider{}, EnumCodecProvider{}, com.mongodb.client.model.mql.ExpressionCodecProvider@6d8c1584, com.mongodb.Jep395RecordCodecProvider@2e826bd1, com.mongodb.KotlinCodecProvider@271f6597]}, loggerSettings=LoggerSettings{maxDocumentLength=1000}, clusterSettings={hosts=[localhost:27017], srvServiceName=mongodb, mode=SINGLE, requiredClusterType=UNKNOWN, requiredReplicaSetName='null', serverSelector='null', clusterListeners='[]', serverSelectionTimeout='30000 ms', localThreshold='15 ms'}, socketSettings=SocketSettings{connectTimeoutMS=10000, readTimeoutMS=0, receiveBufferSize=0, proxySettings=ProxySettings{host=null, port=null, username=null, password=null}}, heartbeatSocketSettings=SocketSettings{connectTimeoutMS=10000, readTimeoutMS=10000, receiveBufferSize=0, proxySettings=ProxySettings{host=null, port=null, username=null, password=null}}, connectionPoolSettings=ConnectionPoolSettings{maxSize=100, minSize=0, maxWaitTimeMS=120000, maxConnectionLifeTimeMS=0, maxConnectionIdleTimeMS=0, maintenanceInitialDelayMS=0, maintenanceFrequencyMS=60000, connectionPoolListeners=[io.micrometer.core.instrument.binder.mongodb.MongoMetricsConnectionPoolListener@484e9fee], maxConnecting=2}, serverSettings=ServerSettings{heartbeatFrequencyMS=10000, minHeartbeatFrequencyMS=500, serverMonitoringMode=AUTO, serverListeners='[]', serverMonitorListeners='[]'}, sslSettings=SslSettings{enabled=false, invalidHostNameAllowed=false, context=null}, applicationName='null', compressorList=[], uuidRepresentation=JAVA_LEGACY, serverApi=null, autoEncryptionSettings=null, dnsClient=null, inetAddressResolver=null, contextProvider=null, timeoutMS=null} 
2025-04-22 10:54:36-673 [cluster-ClusterId{value='6807bbbce7bb7c3867de443b', description='null'}-localhost:27017] INFO  org.mongodb.driver.cluster - Monitor thread successfully connected to server with description ServerDescription{address=localhost:27017, type=STANDALONE, cryptd=false, state=CONNECTED, ok=true, minWireVersion=0, maxWireVersion=25, maxDocumentSize=16777216, logicalSessionTimeoutMinutes=30, roundTripTimeNanos=151129800, minRoundTripTimeNanos=0} 
2025-04-22 10:54:39-791 [main] INFO  o.s.b.a.e.web.EndpointLinksResolver - Exposing 2 endpoints beneath base path '/actuator' 
2025-04-22 10:54:41-213 [main] INFO  o.s.c.n.e.c.DiscoveryClientOptionalArgsConfiguration - Eureka HTTP Client uses RestTemplate. 
2025-04-22 10:54:41-315 [main] WARN  o.s.c.l.c.LoadBalancerCacheAutoConfiguration$LoadBalancerCaffeineWarnLogger - Spring Cloud LoadBalancer is currently working with the default cache. While this cache implementation is useful for development and tests, it's recommended to use Caffeine cache in production.You can switch to using Caffeine cache, by adding it and org.springframework.cache.caffeine.CaffeineCacheManager to the classpath. 
2025-04-22 10:54:41-431 [main] INFO  o.s.c.n.eureka.InstanceInfoFactory - Setting initial instance status as: STARTING 
2025-04-22 10:54:41-498 [main] INFO  c.netflix.discovery.DiscoveryClient - Initializing Eureka in region us-east-1 
2025-04-22 10:54:41-508 [main] INFO  c.n.d.s.r.aws.ConfigClusterResolver - Resolving eureka endpoints via configuration 
2025-04-22 10:54:41-528 [main] INFO  c.netflix.discovery.DiscoveryClient - Disable delta property : false 
2025-04-22 10:54:41-529 [main] INFO  c.netflix.discovery.DiscoveryClient - Single vip registry refresh property : null 
2025-04-22 10:54:41-529 [main] INFO  c.netflix.discovery.DiscoveryClient - Force full registry fetch : false 
2025-04-22 10:54:41-529 [main] INFO  c.netflix.discovery.DiscoveryClient - Application is null : false 
2025-04-22 10:54:41-529 [main] INFO  c.netflix.discovery.DiscoveryClient - Registered Applications size is zero : true 
2025-04-22 10:54:41-529 [main] INFO  c.netflix.discovery.DiscoveryClient - Application version is -1: true 
2025-04-22 10:54:41-530 [main] INFO  c.netflix.discovery.DiscoveryClient - Getting all instance registry info from the eureka server 
2025-04-22 10:54:42-140 [main] INFO  c.netflix.discovery.DiscoveryClient - The response status is 200 
2025-04-22 10:54:42-144 [main] INFO  c.netflix.discovery.DiscoveryClient - Starting heartbeat executor: renew interval is: 30 
2025-04-22 10:54:42-151 [main] INFO  c.n.discovery.InstanceInfoReplicator - InstanceInfoReplicator onDemand update allowed rate per min is 4 
2025-04-22 10:54:42-154 [main] INFO  c.netflix.discovery.DiscoveryClient - Discovery Client initialized at timestamp 1745337282154 with initial instances count: 4 
2025-04-22 10:54:42-160 [main] INFO  o.s.c.n.e.s.EurekaServiceRegistry - Registering application SERVICE-TRANSACTION with eureka with status UP 
2025-04-22 10:54:42-161 [main] INFO  c.netflix.discovery.DiscoveryClient - Saw local status change event StatusChangeEvent [timestamp=1745337282161, current=UP, previous=STARTING] 
2025-04-22 10:54:42-165 [DiscoveryClient-InstanceInfoReplicator-%d] INFO  c.netflix.discovery.DiscoveryClient - DiscoveryClient_SERVICE-TRANSACTION/host.docker.internal:service-transaction:8484: registering service... 
2025-04-22 10:54:42-206 [main] INFO  c.b.s.t.s.TransactionServiceTest - Started TransactionServiceTest in 15.561 seconds (process running for 22.222) 
2025-04-22 10:54:42-278 [main] INFO  o.s.t.c.s.AnnotationConfigContextLoaderUtils - Could not detect default configuration classes for test class [com.bootcamp.service.transaction.ServiceTransactionApplicationTests]: ServiceTransactionApplicationTests does not declare any static, non-private, non-final, nested classes annotated with @Configuration. 
2025-04-22 10:54:42-300 [main] INFO  o.s.b.t.c.SpringBootTestContextBootstrapper - Found @SpringBootConfiguration com.bootcamp.service.transaction.ServiceTransactionApplication for test class com.bootcamp.service.transaction.ServiceTransactionApplicationTests 
2025-04-22 10:54:42-304 [DiscoveryClient-InstanceInfoReplicator-%d] INFO  c.netflix.discovery.DiscoveryClient - DiscoveryClient_SERVICE-TRANSACTION/host.docker.internal:service-transaction:8484 - registration status: 204 
2025-04-22 10:54:43-841 [SpringApplicationShutdownHook] INFO  o.s.c.n.e.s.EurekaServiceRegistry - Unregistering application SERVICE-TRANSACTION with eureka with status DOWN 
2025-04-22 10:54:43-842 [SpringApplicationShutdownHook] INFO  c.netflix.discovery.DiscoveryClient - Saw local status change event StatusChangeEvent [timestamp=1745337283842, current=DOWN, previous=UP] 
2025-04-22 10:54:43-842 [DiscoveryClient-InstanceInfoReplicator-%d] INFO  c.netflix.discovery.DiscoveryClient - DiscoveryClient_SERVICE-TRANSACTION/host.docker.internal:service-transaction:8484: registering service... 
2025-04-22 10:54:43-854 [DiscoveryClient-InstanceInfoReplicator-%d] INFO  c.netflix.discovery.DiscoveryClient - DiscoveryClient_SERVICE-TRANSACTION/host.docker.internal:service-transaction:8484 - registration status: 204 
2025-04-22 10:54:46-604 [SpringApplicationShutdownHook] INFO  c.netflix.discovery.DiscoveryClient - Shutting down DiscoveryClient ... 
2025-04-22 10:54:49-616 [SpringApplicationShutdownHook] INFO  c.netflix.discovery.DiscoveryClient - Unregistering ... 
2025-04-22 10:54:49-688 [SpringApplicationShutdownHook] INFO  c.netflix.discovery.DiscoveryClient - DiscoveryClient_SERVICE-TRANSACTION/host.docker.internal:service-transaction:8484 - deregister  status: 200 
2025-04-22 10:54:49-691 [SpringApplicationShutdownHook] INFO  c.netflix.discovery.DiscoveryClient - Completed shut down of DiscoveryClient 
2025-04-22 11:02:33-740 [main] INFO  o.s.t.c.s.AnnotationConfigContextLoaderUtils - Could not detect default configuration classes for test class [com.bootcamp.service.transaction.service.TransactionServiceTest]: TransactionServiceTest does not declare any static, non-private, non-final, nested classes annotated with @Configuration. 
2025-04-22 11:02:34-097 [main] INFO  o.s.b.t.c.SpringBootTestContextBootstrapper - Found @SpringBootConfiguration com.bootcamp.service.transaction.ServiceTransactionApplication for test class com.bootcamp.service.transaction.service.TransactionServiceTest 
2025-04-22 11:02:42-774 [background-preinit] INFO  o.h.validator.internal.util.Version - HV000001: Hibernate Validator 8.0.2.Final 
2025-04-22 11:02:42-904 [main] INFO  c.b.s.t.s.TransactionServiceTest - Starting TransactionServiceTest using Java 17.0.12 with PID 25740 (started by mgarcsar in C:\Users\mgarcsar\Documents\Bootcamp\etregables\Bank\service-transaction) 
2025-04-22 11:02:42-906 [main] INFO  c.b.s.t.s.TransactionServiceTest - The following 1 profile is active: "local" 
2025-04-22 11:02:43-055 [main] INFO  o.s.c.c.c.ConfigServerConfigDataLoader - Fetching config from server at : http://config-server-bc:8888 
2025-04-22 11:02:43-056 [main] INFO  o.s.c.c.c.ConfigServerConfigDataLoader - Exception on Url - http://config-server-bc:8888:org.springframework.web.client.ResourceAccessException: I/O error on GET request for "http://config-server-bc:8888/service-transaction/default": config-server-bc. Will be trying the next url if available 
2025-04-22 11:02:43-057 [main] WARN  o.s.c.c.c.ConfigServerConfigDataLoader - Could not locate PropertySource ([ConfigServerConfigDataResource@41289e88 uris = array<String>['http://config-server-bc:8888'], optional = true, profiles = 'default']): I/O error on GET request for "http://config-server-bc:8888/service-transaction/default": config-server-bc 
2025-04-22 11:02:43-057 [main] INFO  o.s.c.c.c.ConfigServerConfigDataLoader - Fetching config from server at : http://config-server-bc:8888 
2025-04-22 11:02:43-057 [main] INFO  o.s.c.c.c.ConfigServerConfigDataLoader - Exception on Url - http://config-server-bc:8888:org.springframework.web.client.ResourceAccessException: I/O error on GET request for "http://config-server-bc:8888/service-transaction/local": config-server-bc. Will be trying the next url if available 
2025-04-22 11:02:43-058 [main] WARN  o.s.c.c.c.ConfigServerConfigDataLoader - Could not locate PropertySource ([ConfigServerConfigDataResource@7c47b0f8 uris = array<String>['http://config-server-bc:8888'], optional = true, profiles = 'local']): I/O error on GET request for "http://config-server-bc:8888/service-transaction/local": config-server-bc 
2025-04-22 11:02:43-058 [main] INFO  o.s.c.c.c.ConfigServerConfigDataLoader - Fetching config from server at : http://config-server-bc:8888 
2025-04-22 11:02:43-058 [main] INFO  o.s.c.c.c.ConfigServerConfigDataLoader - Exception on Url - http://config-server-bc:8888:org.springframework.web.client.ResourceAccessException: I/O error on GET request for "http://config-server-bc:8888/service-transaction/default": config-server-bc. Will be trying the next url if available 
2025-04-22 11:02:43-059 [main] WARN  o.s.c.c.c.ConfigServerConfigDataLoader - Could not locate PropertySource ([ConfigServerConfigDataResource@2b561f51 uris = array<String>['http://config-server-bc:8888'], optional = true, profiles = 'default']): I/O error on GET request for "http://config-server-bc:8888/service-transaction/default": config-server-bc 
2025-04-22 11:02:46-300 [main] INFO  o.s.d.r.c.RepositoryConfigurationDelegate - Bootstrapping Spring Data Reactive MongoDB repositories in DEFAULT mode. 
2025-04-22 11:02:46-628 [main] INFO  o.s.d.r.c.RepositoryConfigurationDelegate - Finished Spring Data repository scanning in 308 ms. Found 1 Reactive MongoDB repository interface. 
2025-04-22 11:02:46-893 [main] INFO  o.s.cloud.context.scope.GenericScope - BeanFactory id=c718ab88-43ce-31e7-98a6-f5b264b7e994 
2025-04-22 11:02:48-060 [main] INFO  org.mongodb.driver.client - MongoClient with metadata {"driver": {"name": "mongo-java-driver|reactive-streams|spring-boot", "version": "5.2.1"}, "os": {"type": "Windows", "name": "Windows 10", "architecture": "amd64", "version": "10.0"}, "platform": "Java/Oracle Corporation/17.0.12+8-LTS-286"} created with settings MongoClientSettings{readPreference=primary, writeConcern=WriteConcern{w=null, wTimeout=null ms, journal=null}, retryWrites=true, retryReads=true, readConcern=ReadConcern{level=null}, credential=null, transportSettings=NettyTransportSettings{eventLoopGroup=io.netty.channel.nio.NioEventLoopGroup@eeb1cac, socketChannelClass=null, allocator=null, sslContext=null}, commandListeners=[io.micrometer.core.instrument.binder.mongodb.MongoMetricsCommandListener@5ad07f8a], codecRegistry=ProvidersCodecRegistry{codecProviders=[ValueCodecProvider{}, BsonValueCodecProvider{}, DBRefCodecProvider{}, DBObjectCodecProvider{}, DocumentCodecProvider{}, CollectionCodecProvider{}, IterableCodecProvider{}, MapCodecProvider{}, GeoJsonCodecProvider{}, GridFSFileCodecProvider{}, Jsr310CodecProvider{}, JsonObjectCodecProvider{}, BsonCodecProvider{}, EnumCodecProvider{}, com.mongodb.client.model.mql.ExpressionCodecProvider@2c03678, com.mongodb.Jep395RecordCodecProvider@1bf6c568, com.mongodb.KotlinCodecProvider@4d2eb4c6]}, loggerSettings=LoggerSettings{maxDocumentLength=1000}, clusterSettings={hosts=[localhost:27017], srvServiceName=mongodb, mode=SINGLE, requiredClusterType=UNKNOWN, requiredReplicaSetName='null', serverSelector='null', clusterListeners='[]', serverSelectionTimeout='30000 ms', localThreshold='15 ms'}, socketSettings=SocketSettings{connectTimeoutMS=10000, readTimeoutMS=0, receiveBufferSize=0, proxySettings=ProxySettings{host=null, port=null, username=null, password=null}}, heartbeatSocketSettings=SocketSettings{connectTimeoutMS=10000, readTimeoutMS=10000, receiveBufferSize=0, proxySettings=ProxySettings{host=null, port=null, username=null, password=null}}, connectionPoolSettings=ConnectionPoolSettings{maxSize=100, minSize=0, maxWaitTimeMS=120000, maxConnectionLifeTimeMS=0, maxConnectionIdleTimeMS=0, maintenanceInitialDelayMS=0, maintenanceFrequencyMS=60000, connectionPoolListeners=[io.micrometer.core.instrument.binder.mongodb.MongoMetricsConnectionPoolListener@145baec6], maxConnecting=2}, serverSettings=ServerSettings{heartbeatFrequencyMS=10000, minHeartbeatFrequencyMS=500, serverMonitoringMode=AUTO, serverListeners='[]', serverMonitorListeners='[]'}, sslSettings=SslSettings{enabled=false, invalidHostNameAllowed=false, context=null}, applicationName='null', compressorList=[], uuidRepresentation=JAVA_LEGACY, serverApi=null, autoEncryptionSettings=null, dnsClient=null, inetAddressResolver=null, contextProvider=null, timeoutMS=null} 
2025-04-22 11:02:48-409 [cluster-ClusterId{value='6807bda701c7b62dde42cbdf', description='null'}-localhost:27017] INFO  org.mongodb.driver.cluster - Monitor thread successfully connected to server with description ServerDescription{address=localhost:27017, type=STANDALONE, cryptd=false, state=CONNECTED, ok=true, minWireVersion=0, maxWireVersion=25, maxDocumentSize=16777216, logicalSessionTimeoutMinutes=30, roundTripTimeNanos=156957300, minRoundTripTimeNanos=0} 
2025-04-22 11:02:50-813 [main] INFO  o.s.b.a.e.web.EndpointLinksResolver - Exposing 2 endpoints beneath base path '/actuator' 
2025-04-22 11:02:51-889 [main] INFO  o.s.c.n.e.c.DiscoveryClientOptionalArgsConfiguration - Eureka HTTP Client uses RestTemplate. 
2025-04-22 11:02:51-979 [main] WARN  o.s.c.l.c.LoadBalancerCacheAutoConfiguration$LoadBalancerCaffeineWarnLogger - Spring Cloud LoadBalancer is currently working with the default cache. While this cache implementation is useful for development and tests, it's recommended to use Caffeine cache in production.You can switch to using Caffeine cache, by adding it and org.springframework.cache.caffeine.CaffeineCacheManager to the classpath. 
2025-04-22 11:02:52-084 [main] INFO  o.s.c.n.eureka.InstanceInfoFactory - Setting initial instance status as: STARTING 
2025-04-22 11:02:52-139 [main] INFO  c.netflix.discovery.DiscoveryClient - Initializing Eureka in region us-east-1 
2025-04-22 11:02:52-148 [main] INFO  c.n.d.s.r.aws.ConfigClusterResolver - Resolving eureka endpoints via configuration 
2025-04-22 11:02:52-171 [main] INFO  c.netflix.discovery.DiscoveryClient - Disable delta property : false 
2025-04-22 11:02:52-171 [main] INFO  c.netflix.discovery.DiscoveryClient - Single vip registry refresh property : null 
2025-04-22 11:02:52-171 [main] INFO  c.netflix.discovery.DiscoveryClient - Force full registry fetch : false 
2025-04-22 11:02:52-172 [main] INFO  c.netflix.discovery.DiscoveryClient - Application is null : false 
2025-04-22 11:02:52-172 [main] INFO  c.netflix.discovery.DiscoveryClient - Registered Applications size is zero : true 
2025-04-22 11:02:52-172 [main] INFO  c.netflix.discovery.DiscoveryClient - Application version is -1: true 
2025-04-22 11:02:52-172 [main] INFO  c.netflix.discovery.DiscoveryClient - Getting all instance registry info from the eureka server 
2025-04-22 11:02:52-770 [main] INFO  c.netflix.discovery.DiscoveryClient - The response status is 200 
2025-04-22 11:02:52-775 [main] INFO  c.netflix.discovery.DiscoveryClient - Starting heartbeat executor: renew interval is: 30 
2025-04-22 11:02:52-779 [main] INFO  c.n.discovery.InstanceInfoReplicator - InstanceInfoReplicator onDemand update allowed rate per min is 4 
2025-04-22 11:02:52-782 [main] INFO  c.netflix.discovery.DiscoveryClient - Discovery Client initialized at timestamp 1745337772781 with initial instances count: 4 
2025-04-22 11:02:52-787 [main] INFO  o.s.c.n.e.s.EurekaServiceRegistry - Registering application SERVICE-TRANSACTION with eureka with status UP 
2025-04-22 11:02:52-788 [main] INFO  c.netflix.discovery.DiscoveryClient - Saw local status change event StatusChangeEvent [timestamp=1745337772788, current=UP, previous=STARTING] 
2025-04-22 11:02:52-792 [DiscoveryClient-InstanceInfoReplicator-%d] INFO  c.netflix.discovery.DiscoveryClient - DiscoveryClient_SERVICE-TRANSACTION/service-transaction:8484: registering service... 
2025-04-22 11:02:52-813 [main] INFO  c.b.s.t.s.TransactionServiceTest - Started TransactionServiceTest in 16.271 seconds (process running for 21.851) 
2025-04-22 11:02:52-860 [main] INFO  o.s.t.c.s.AnnotationConfigContextLoaderUtils - Could not detect default configuration classes for test class [com.bootcamp.service.transaction.ServiceTransactionApplicationTests]: ServiceTransactionApplicationTests does not declare any static, non-private, non-final, nested classes annotated with @Configuration. 
2025-04-22 11:02:52-875 [DiscoveryClient-InstanceInfoReplicator-%d] INFO  c.netflix.discovery.DiscoveryClient - DiscoveryClient_SERVICE-TRANSACTION/service-transaction:8484 - registration status: 204 
2025-04-22 11:02:52-884 [main] INFO  o.s.b.t.c.SpringBootTestContextBootstrapper - Found @SpringBootConfiguration com.bootcamp.service.transaction.ServiceTransactionApplication for test class com.bootcamp.service.transaction.ServiceTransactionApplicationTests 
2025-04-22 11:02:54-304 [SpringApplicationShutdownHook] INFO  o.s.c.n.e.s.EurekaServiceRegistry - Unregistering application SERVICE-TRANSACTION with eureka with status DOWN 
2025-04-22 11:02:54-305 [SpringApplicationShutdownHook] INFO  c.netflix.discovery.DiscoveryClient - Saw local status change event StatusChangeEvent [timestamp=1745337774305, current=DOWN, previous=UP] 
2025-04-22 11:02:54-305 [DiscoveryClient-InstanceInfoReplicator-%d] INFO  c.netflix.discovery.DiscoveryClient - DiscoveryClient_SERVICE-TRANSACTION/service-transaction:8484: registering service... 
2025-04-22 11:02:54-314 [DiscoveryClient-InstanceInfoReplicator-%d] INFO  c.netflix.discovery.DiscoveryClient - DiscoveryClient_SERVICE-TRANSACTION/service-transaction:8484 - registration status: 204 
2025-04-22 11:02:57-593 [SpringApplicationShutdownHook] INFO  c.netflix.discovery.DiscoveryClient - Shutting down DiscoveryClient ... 
2025-04-22 11:03:00-624 [SpringApplicationShutdownHook] INFO  c.netflix.discovery.DiscoveryClient - Unregistering ... 
2025-04-22 11:03:00-663 [SpringApplicationShutdownHook] INFO  c.netflix.discovery.DiscoveryClient - DiscoveryClient_SERVICE-TRANSACTION/service-transaction:8484 - deregister  status: 200 
2025-04-22 11:03:00-664 [SpringApplicationShutdownHook] INFO  c.netflix.discovery.DiscoveryClient - Completed shut down of DiscoveryClient 
